[  401555ms] Error: cueRef is not defined
    at Approach.useLayoutEffect.ctx (webpack-internal:///(app-pages-browser)/./components/sections/Approach.tsx:51:32)
    at f (webpack-internal:///(app-pages-browser)/./node_modules/gsap/gsap-core.js:4000:21)
    at Context.add (webpack-internal:///(app-pages-browser)/./node_modules/gsap/gsap-core.js:4009:35)
    at new Context (webpack-internal:///(app-pages-browser)/./node_modules/gsap/gsap-core.js:3975:18)
    at Object.context (webpack-internal:///(app-pages-browser)/./node_modules/gsap/gsap-core.js:4333:19)
    at Approach.useLayoutEffect (webpack-internal:///(app-pages-browser)/./components/sections/Approach.tsx:32:64)
    at Home (rsc://React/Server/webpack-internal:///(rsc)/./app/page.tsx?27:23:88)
[  401555ms] [WARNING] [Fast Refresh] performing full reload because your application had an unrecoverable error @ webpack-internal:///(app-pages-browser)/./node_modules/next/dist/client/components/react-dev-overlay/app/hot-reloader-client.js:114
[  409008ms] Error: cueRef is not defined
    at Approach.useLayoutEffect.ctx (webpack-internal:///(app-pages-browser)/./components/sections/Approach.tsx:51:32)
    at f (webpack-internal:///(app-pages-browser)/./node_modules/gsap/gsap-core.js:4000:21)
    at Context.add (webpack-internal:///(app-pages-browser)/./node_modules/gsap/gsap-core.js:4009:35)
    at new Context (webpack-internal:///(app-pages-browser)/./node_modules/gsap/gsap-core.js:3975:18)
    at Object.context (webpack-internal:///(app-pages-browser)/./node_modules/gsap/gsap-core.js:4333:19)
    at Approach.useLayoutEffect (webpack-internal:///(app-pages-browser)/./components/sections/Approach.tsx:32:64)
    at Home (rsc://React/Server/webpack-internal:///(rsc)/./app/page.tsx?27:23:88)
[  414419ms] [WARNING] [Fast Refresh] performing full reload because your application had an unrecoverable error @ webpack-internal:///(app-pages-browser)/./node_modules/next/dist/client/components/react-dev-overlay/app/hot-reloader-client.js:114
[  417965ms] [WARNING] [Fast Refresh] performing full reload because your application had an unrecoverable error @ webpack-internal:///(app-pages-browser)/./node_modules/next/dist/client/components/react-dev-overlay/app/hot-reloader-client.js:114
[  419446ms] [ERROR] Failed to load resource: the server responded with a status of 404 (Not Found) @ http://localhost:3001/favicon.ico:0
[  423547ms] Error: cueRef is not defined
    at Approach.useLayoutEffect.ctx (webpack-internal:///(app-pages-browser)/./components/sections/Approach.tsx:51:32)
    at f (webpack-internal:///(app-pages-browser)/./node_modules/gsap/gsap-core.js:4000:21)
    at Context.add (webpack-internal:///(app-pages-browser)/./node_modules/gsap/gsap-core.js:4009:35)
    at new Context (webpack-internal:///(app-pages-browser)/./node_modules/gsap/gsap-core.js:3975:18)
    at Object.context (webpack-internal:///(app-pages-browser)/./node_modules/gsap/gsap-core.js:4333:19)
    at Approach.useLayoutEffect (webpack-internal:///(app-pages-browser)/./components/sections/Approach.tsx:32:64)
    at Home (rsc://React/Server/webpack-internal:///(rsc)/./app/page.tsx?27:23:88)
[  424411ms] [WARNING] [Fast Refresh] performing full reload because your application had an unrecoverable error @ webpack-internal:///(app-pages-browser)/./node_modules/next/dist/client/components/react-dev-overlay/app/hot-reloader-client.js:114
[  427603ms] Error: cueRef is not defined
    at Approach.useLayoutEffect.ctx (webpack-internal:///(app-pages-browser)/./components/sections/Approach.tsx:51:32)
    at f (webpack-internal:///(app-pages-browser)/./node_modules/gsap/gsap-core.js:4000:21)
    at Context.add (webpack-internal:///(app-pages-browser)/./node_modules/gsap/gsap-core.js:4009:35)
    at new Context (webpack-internal:///(app-pages-browser)/./node_modules/gsap/gsap-core.js:3975:18)
    at Object.context (webpack-internal:///(app-pages-browser)/./node_modules/gsap/gsap-core.js:4333:19)
    at Approach.useLayoutEffect (webpack-internal:///(app-pages-browser)/./components/sections/Approach.tsx:32:64)
    at Home (rsc://React/Server/webpack-internal:///(rsc)/./app/page.tsx?27:23:88)
[  428584ms] [WARNING] [Fast Refresh] performing full reload because your application had an unrecoverable error @ webpack-internal:///(app-pages-browser)/./node_modules/next/dist/client/components/react-dev-overlay/app/hot-reloader-client.js:114
[  435456ms] Error: cueRef is not defined
    at Approach.useLayoutEffect.ctx (webpack-internal:///(app-pages-browser)/./components/sections/Approach.tsx:51:32)
    at f (webpack-internal:///(app-pages-browser)/./node_modules/gsap/gsap-core.js:4000:21)
    at Context.add (webpack-internal:///(app-pages-browser)/./node_modules/gsap/gsap-core.js:4009:35)
    at new Context (webpack-internal:///(app-pages-browser)/./node_modules/gsap/gsap-core.js:3975:18)
    at Object.context (webpack-internal:///(app-pages-browser)/./node_modules/gsap/gsap-core.js:4333:19)
    at Approach.useLayoutEffect (webpack-internal:///(app-pages-browser)/./components/sections/Approach.tsx:32:64)
    at Home (rsc://React/Server/webpack-internal:///(rsc)/./app/page.tsx?27:23:88)
[  437476ms] [WARNING] [Fast Refresh] performing full reload

Fast Refresh will perform a full reload when you edit a file that's imported by modules outside of the React rendering tree.
You might have a file which exports a React component but also exports a value that is imported by a non-React component file.
Consider migrating the non-React component export to a separate file and importing it into both files.

It is also possible the parent component of the component you edited is a class component, which disables Fast Refresh.
Fast Refresh requires at least one parent function component in your React tree. @ webpack-internal:///(app-pages-browser)/./node_modules/next/dist/client/components/react-dev-overlay/app/hot-reloader-client.js:112
[  438604ms] Invalid or unexpected token
[  560111ms] ChunkLoadError: Loading chunk app/layout failed.
(timeout: http://localhost:3001/_next/static/chunks/app/layout.js)
    at __webpack_require__.f.j (http://localhost:3001/_next/static/chunks/webpack.js?v=1779780624018:858:29)
    at http://localhost:3001/_next/static/chunks/webpack.js?v=1779780624018:153:40
    at Array.reduce (<anonymous>)
    at __webpack_require__.e (http://localhost:3001/_next/static/chunks/webpack.js?v=1779780624018:152:67)
    at fn.e (http://localhost:3001/_next/static/chunks/webpack.js?v=1779780624018:389:50)
    at loadChunk (webpack-internal:///(app-pages-browser)/./node_modules/next/dist/compiled/react-server-dom-webpack/cjs/react-server-dom-webpack-client.browser.development.js:124:34)
    at preloadModule (webpack-internal:///(app-pages-browser)/./node_modules/next/dist/compiled/react-server-dom-webpack/cjs/react-server-dom-webpack-client.browser.development.js:93:31)
    at resolveModule (webpack-internal:///(app-pages-browser)/./node_modules/next/dist/compiled/react-server-dom-webpack/cjs/react-server-dom-webpack-client.browser.development.js:1624:20)
    at processFullStringRow (webpack-internal:///(app-pages-browser)/./node_modules/next/dist/compiled/react-server-dom-webpack/cjs/react-server-dom-webpack-client.browser.development.js:2235:11)
    at processFullBinaryRow (webpack-internal:///(app-pages-browser)/./node_modules/next/dist/compiled/react-server-dom-webpack/cjs/react-server-dom-webpack-client.browser.development.js:2230:7)
    at progress (webpack-internal:///(app-pages-browser)/./node_modules/next/dist/compiled/react-server-dom-webpack/cjs/react-server-dom-webpack-client.browser.development.js:2476:17)
    at RootLayout (rsc://React/Server/webpack-internal:///(rsc)/./app/layout.tsx?24:53:98)
[  561066ms] [WARNING] [Fast Refresh] performing full reload because your application had an unrecoverable error @ webpack-internal:///(app-pages-browser)/./node_modules/next/dist/client/components/react-dev-overlay/app/hot-reloader-client.js:114
[  564733ms] Error: cueRef is not defined
    at Approach.useLayoutEffect.ctx (webpack-internal:///(app-pages-browser)/./components/sections/Approach.tsx:105:63)
    at f (webpack-internal:///(app-pages-browser)/./node_modules/gsap/gsap-core.js:4000:21)
    at Context.add (webpack-internal:///(app-pages-browser)/./node_modules/gsap/gsap-core.js:4009:35)
    at new Context (webpack-internal:///(app-pages-browser)/./node_modules/gsap/gsap-core.js:3975:18)
    at Object.context (webpack-internal:///(app-pages-browser)/./node_modules/gsap/gsap-core.js:4333:19)
    at Approach.useLayoutEffect (webpack-internal:///(app-pages-browser)/./components/sections/Approach.tsx:32:64)
    at Home (rsc://React/Server/webpack-internal:///(rsc)/./app/page.tsx?27:23:88)
[  565694ms] [WARNING] [Fast Refresh] performing full reload because your application had an unrecoverable error @ webpack-internal:///(app-pages-browser)/./node_modules/next/dist/client/components/react-dev-overlay/app/hot-reloader-client.js:114
[  568439ms] Error: cueRef is not defined
    at Approach.useLayoutEffect.ctx (webpack-internal:///(app-pages-browser)/./components/sections/Approach.tsx:105:63)
    at f (webpack-internal:///(app-pages-browser)/./node_modules/gsap/gsap-core.js:4000:21)
    at Context.add (webpack-internal:///(app-pages-browser)/./node_modules/gsap/gsap-core.js:4009:35)
    at new Context (webpack-internal:///(app-pages-browser)/./node_modules/gsap/gsap-core.js:3975:18)
    at Object.context (webpack-internal:///(app-pages-browser)/./node_modules/gsap/gsap-core.js:4333:19)
    at Approach.useLayoutEffect (webpack-internal:///(app-pages-browser)/./components/sections/Approach.tsx:32:64)
    at Home (rsc://React/Server/webpack-internal:///(rsc)/./app/page.tsx?27:23:88)
[  569339ms] [WARNING] [Fast Refresh] performing full reload because your application had an unrecoverable error @ webpack-internal:///(app-pages-browser)/./node_modules/next/dist/client/components/react-dev-overlay/app/hot-reloader-client.js:114
[  572457ms] Error: cueRef is not defined
    at Approach.useLayoutEffect.ctx (webpack-internal:///(app-pages-browser)/./components/sections/Approach.tsx:105:63)
    at f (webpack-internal:///(app-pages-browser)/./node_modules/gsap/gsap-core.js:4000:21)
    at Context.add (webpack-internal:///(app-pages-browser)/./node_modules/gsap/gsap-core.js:4009:35)
    at new Context (webpack-internal:///(app-pages-browser)/./node_modules/gsap/gsap-core.js:3975:18)
    at Object.context (webpack-internal:///(app-pages-browser)/./node_modules/gsap/gsap-core.js:4333:19)
    at Approach.useLayoutEffect (webpack-internal:///(app-pages-browser)/./components/sections/Approach.tsx:32:64)
    at Home (rsc://React/Server/webpack-internal:///(rsc)/./app/page.tsx?27:23:88)
[  572869ms] [WARNING] [Fast Refresh] performing full reload because your application had an unrecoverable error @ webpack-internal:///(app-pages-browser)/./node_modules/next/dist/client/components/react-dev-overlay/app/hot-reloader-client.js:114
[  575233ms] Error: cueRef is not defined
    at Approach.useLayoutEffect.ctx (webpack-internal:///(app-pages-browser)/./components/sections/Approach.tsx:105:63)
    at f (webpack-internal:///(app-pages-browser)/./node_modules/gsap/gsap-core.js:4000:21)
    at Context.add (webpack-internal:///(app-pages-browser)/./node_modules/gsap/gsap-core.js:4009:35)
    at new Context (webpack-internal:///(app-pages-browser)/./node_modules/gsap/gsap-core.js:3975:18)
    at Object.context (webpack-internal:///(app-pages-browser)/./node_modules/gsap/gsap-core.js:4333:19)
    at Approach.useLayoutEffect (webpack-internal:///(app-pages-browser)/./components/sections/Approach.tsx:32:64)
    at Home (rsc://React/Server/webpack-internal:///(rsc)/./app/page.tsx?27:23:88)
[  576358ms] [WARNING] [Fast Refresh] performing full reload because your application had an unrecoverable error @ webpack-internal:///(app-pages-browser)/./node_modules/next/dist/client/components/react-dev-overlay/app/hot-reloader-client.js:114
[  577843ms] Invalid or unexpected token
[  699247ms] ChunkLoadError: Loading chunk app/layout failed.
(timeout: http://localhost:3001/_next/static/chunks/app/layout.js)
    at __webpack_require__.f.j (http://localhost:3001/_next/static/chunks/webpack.js?v=1779780763650:858:29)
    at http://localhost:3001/_next/static/chunks/webpack.js?v=1779780763650:153:40
    at Array.reduce (<anonymous>)
    at __webpack_require__.e (http://localhost:3001/_next/static/chunks/webpack.js?v=1779780763650:152:67)
    at fn.e (http://localhost:3001/_next/static/chunks/webpack.js?v=1779780763650:389:50)
    at loadChunk (webpack-internal:///(app-pages-browser)/./node_modules/next/dist/compiled/react-server-dom-webpack/cjs/react-server-dom-webpack-client.browser.development.js:124:34)
    at preloadModule (webpack-internal:///(app-pages-browser)/./node_modules/next/dist/compiled/react-server-dom-webpack/cjs/react-server-dom-webpack-client.browser.development.js:93:31)
    at resolveModule (webpack-internal:///(app-pages-browser)/./node_modules/next/dist/compiled/react-server-dom-webpack/cjs/react-server-dom-webpack-client.browser.development.js:1624:20)
    at processFullStringRow (webpack-internal:///(app-pages-browser)/./node_modules/next/dist/compiled/react-server-dom-webpack/cjs/react-server-dom-webpack-client.browser.development.js:2235:11)
    at processFullBinaryRow (webpack-internal:///(app-pages-browser)/./node_modules/next/dist/compiled/react-server-dom-webpack/cjs/react-server-dom-webpack-client.browser.development.js:2230:7)
    at progress (webpack-internal:///(app-pages-browser)/./node_modules/next/dist/compiled/react-server-dom-webpack/cjs/react-server-dom-webpack-client.browser.development.js:2476:17)
    at RootLayout (rsc://React/Server/webpack-internal:///(rsc)/./app/layout.tsx?24:53:98)
[  700688ms] [WARNING] [Fast Refresh] performing full reload because your application had an unrecoverable error @ webpack-internal:///(app-pages-browser)/./node_modules/next/dist/client/components/react-dev-overlay/app/hot-reloader-client.js:114
[  703623ms] Invalid or unexpected token
[  825113ms] ChunkLoadError: Loading chunk app/layout failed.
(timeout: http://localhost:3001/_next/static/chunks/app/layout.js)
    at __webpack_require__.f.j (http://localhost:3001/_next/static/chunks/webpack.js?v=1779780888028:858:29)
    at http://localhost:3001/_next/static/chunks/webpack.js?v=1779780888028:153:40
    at Array.reduce (<anonymous>)
    at __webpack_require__.e (http://localhost:3001/_next/static/chunks/webpack.js?v=1779780888028:152:67)
    at fn.e (http://localhost:3001/_next/static/chunks/webpack.js?v=1779780888028:389:50)
    at loadChunk (webpack-internal:///(app-pages-browser)/./node_modules/next/dist/compiled/react-server-dom-webpack/cjs/react-server-dom-webpack-client.browser.development.js:124:34)
    at preloadModule (webpack-internal:///(app-pages-browser)/./node_modules/next/dist/compiled/react-server-dom-webpack/cjs/react-server-dom-webpack-client.browser.development.js:93:31)
    at resolveModule (webpack-internal:///(app-pages-browser)/./node_modules/next/dist/compiled/react-server-dom-webpack/cjs/react-server-dom-webpack-client.browser.development.js:1624:20)
    at processFullStringRow (webpack-internal:///(app-pages-browser)/./node_modules/next/dist/compiled/react-server-dom-webpack/cjs/react-server-dom-webpack-client.browser.development.js:2235:11)
    at processFullBinaryRow (webpack-internal:///(app-pages-browser)/./node_modules/next/dist/compiled/react-server-dom-webpack/cjs/react-server-dom-webpack-client.browser.development.js:2230:7)
    at progress (webpack-internal:///(app-pages-browser)/./node_modules/next/dist/compiled/react-server-dom-webpack/cjs/react-server-dom-webpack-client.browser.development.js:2476:17)
    at RootLayout (rsc://React/Server/webpack-internal:///(rsc)/./app/layout.tsx?24:53:98)
[  825668ms] [WARNING] [Fast Refresh] performing full reload because your application had an unrecoverable error @ webpack-internal:///(app-pages-browser)/./node_modules/next/dist/client/components/react-dev-overlay/app/hot-reloader-client.js:114
[  937102ms] [ERROR] Failed to load resource: the server responded with a status of 404 (Not Found) @ http://localhost:3001/_next/static/webpack/2c0c9f40140a388c.webpack.hot-update.json:0
